Testing external links via environment variable                        PASSED
Testing external links via environment variable (w/new group format)   PASSED
All external Link (HDF5_EXT_PREFIX) tests passed.
