
dataset: </Dataset3> and </Dataset3>
attribute: <Attr1 of <Dataset3>> and <Attr1 of <Dataset3>>
0 differences found
Warning: Cannot open referenced attribute1
attribute: <Attr2 of <Dataset3>> and <Attr2 of <Dataset3>>
0 differences found
attribute: <Attr3 of <Dataset3>> and <Attr3 of <Dataset3>>
0 differences found
0 differences found
   obj1   obj2
 --------------------------------------
Attributes status:  0 common, 0 only in obj1, 0 only in obj2
EXIT CODE: 0
