
file1     file2
---------------------------------------
    x      x    /              
    x      x    /vds_dset      

group  : </> and </>
0 differences found
dataset: </vds_dset> and </vds_dset>
Warning: </vds_dset> or </vds_dset> is a virtual dataset
Not comparable: </vds_dset> has rank 3, dimensions [5x18x8], max dimensions [18446744073709551615x18x8]
and </vds_dset> has rank 3, dimensions [6x8x14], max dimensions [18446744073709551615x8x14]
0 differences found
--------------------------------
Some objects are not comparable
--------------------------------
Use -c for a list of objects without details of differences.
EXIT CODE: 0
