obj2 </ext_link2> is a dangling link.
1 differences found
EXIT CODE: 1
