
datatype: </ntype> and </ntype>
0 differences found
   obj1   obj2
 --------------------------------------
    x           float2         
    x           float3         
           x    float5         
           x    float6         
    x           integer1       
           x    integer4       
Attributes status:  0 common, 3 only in obj1, 3 only in obj2
EXIT CODE: 1
