--------------------------------
Some objects are not comparable
--------------------------------
Use -c for a list of objects.
EXIT CODE: 0
