dataset: </dynlibud> and </dynlibud>
0 differences found
EXIT CODE: 0
