<?xml version="1.0" encoding="UTF-8"?>
<hdf5:HDF5-File xmlns:hdf5="http://hdfgroup.org/HDF5/XML/schema/HDF5-File.xsd" xmlns:xsi="http://www.w3.org/2001/XMLSchema-instance" xsi:schemaLocation="http://hdfgroup.org/HDF5/XML/schema/HDF5-File http://www.hdfgroup.org/HDF5/XML/schema/HDF5-File.xsd">
<hdf5:RootGroup OBJ-XID="xid_696" H5Path="/">
   <hdf5:Group Name="typetests" OBJ-XID="xid_1344" H5Path="/typetests" Parents="xid_696" H5ParentPaths="/" >
      <hdf5:Dataset Name="bitfield_1" OBJ-XID="xid_1720" H5Path= "/typetests/bitfield_1" Parents="xid_1344" H5ParentPaths="/typetests">
         <hdf5:StorageLayout>
            <hdf5:ContiguousLayout/>
         </hdf5:StorageLayout>
         <hdf5:FillValueInfo FillTime="FillIfSet" AllocationTime="Late">
            <hdf5:FillValue>
               <hdf5:NoFill/>
            </hdf5:FillValue>
         </hdf5:FillValueInfo>
         <hdf5:Dataspace>
            <hdf5:SimpleDataspace Ndims="1">
               <hdf5:Dimension  DimSize="32" MaxDimSize="32"/>
            </hdf5:SimpleDataspace>
         </hdf5:Dataspace>
         <hdf5:DataType>
            <hdf5:AtomicType>
               <hdf5:BitfieldType ByteOrder="LE" Size="1"/>
            </hdf5:AtomicType>
         </hdf5:DataType>
         <hdf5:Data>
            <hdf5:DataFromFile>
            0xff
            0xfe
            0xfd
            0xfc
            0xfb
            0xfa
            0xf9
            0xf8
            0xf7
            0xf6
            0xf5
            0xf4
            0xf3
            0xf2
            0xf1
            0xf0
            0xef
            0xee
            0xed
            0xec
            0xeb
            0xea
            0xe9
            0xe8
            0xe7
            0xe6
            0xe5
            0xe4
            0xe3
            0xe2
            0xe1
            0xe0
            </hdf5:DataFromFile>
         </hdf5:Data>
      </hdf5:Dataset>
      <hdf5:Dataset Name="bitfield_2" OBJ-XID="xid_2352" H5Path= "/typetests/bitfield_2" Parents="xid_1344" H5ParentPaths="/typetests">
         <hdf5:StorageLayout>
            <hdf5:ContiguousLayout/>
         </hdf5:StorageLayout>
         <hdf5:FillValueInfo FillTime="FillIfSet" AllocationTime="Late">
            <hdf5:FillValue>
               <hdf5:NoFill/>
            </hdf5:FillValue>
         </hdf5:FillValueInfo>
         <hdf5:Dataspace>
            <hdf5:SimpleDataspace Ndims="1">
               <hdf5:Dimension  DimSize="16" MaxDimSize="16"/>
            </hdf5:SimpleDataspace>
         </hdf5:Dataspace>
         <hdf5:DataType>
            <hdf5:AtomicType>
               <hdf5:BitfieldType ByteOrder="LE" Size="2"/>
            </hdf5:AtomicType>
         </hdf5:DataType>
         <hdf5:Data>
            <hdf5:DataFromFile>
            fe:ff
            fc:fd
            fa:fb
            f8:f9
            f6:f7
            f4:f5
            f2:f3
            f0:f1
            ee:ef
            ec:ed
            ea:eb
            e8:e9
            e6:e7
            e4:e5
            e2:e3
            e0:e1
            </hdf5:DataFromFile>
         </hdf5:Data>
      </hdf5:Dataset>
   </hdf5:Group>
</hdf5:RootGroup>
</hdf5:HDF5-File>
