<?xml version="1.0" encoding="UTF-8"?>
<!DOCTYPE HDF5-File PUBLIC "HDF5-File.dtd" "http://www.hdfgroup.org/HDF5/XML/DTD/HDF5-File.dtd">
<HDF5-File>
<RootGroup OBJ-XID="xid_928" H5Path="/">
   <Dataset Name="Dataset1.0" OBJ-XID="xid_976" H5Path= "/Dataset1.0" Parents="xid_928" H5ParentPaths="/">
      <StorageLayout>
         <ContiguousLayout/>
      </StorageLayout>
      <FillValueInfo FillTime="FillIfSet" AllocationTime="Late">
         <FillValue>
            <NoFill/>
         </FillValue>
      </FillValueInfo>
      <Dataspace>
         <SimpleDataspace Ndims="1">
            <Dimension  DimSize="4" MaxDimSize="4"/>
         </SimpleDataspace>
      </Dataspace>
      <DataType>
         <VLType>
            <DataType>
               <AtomicType>
                  <IntegerType ByteOrder="LE" Sign="true" Size="4" />
               </AtomicType>
            </DataType>
         </VLType>
      </DataType>
<!-- Note: format of VL data not specified -->
      <Data>
         <DataFromFile>
          
          
          
          
         </DataFromFile>
      </Data>
   </Dataset>
   <Dataset Name="Dataset2.0" OBJ-XID="xid_1576" H5Path= "/Dataset2.0" Parents="xid_928" H5ParentPaths="/">
      <StorageLayout>
         <ContiguousLayout/>
      </StorageLayout>
      <FillValueInfo FillTime="FillIfSet" AllocationTime="Late">
         <FillValue>
            <NoFill/>
         </FillValue>
      </FillValueInfo>
      <Dataspace>
         <SimpleDataspace Ndims="1">
            <Dimension  DimSize="4" MaxDimSize="4"/>
         </SimpleDataspace>
      </Dataspace>
      <DataType>
         <AtomicType>
            <IntegerType ByteOrder="LE" Sign="true" Size="4" />
         </AtomicType>
      </DataType>
      <Data>
         <DataFromFile>
         0
         0
         0
         0
         </DataFromFile>
      </Data>
   </Dataset>
   <Dataset Name="Dataset3.0" OBJ-XID="xid_2128" H5Path= "/Dataset3.0" Parents="xid_928" H5ParentPaths="/">
      <StorageLayout>
         <ContiguousLayout/>
      </StorageLayout>
      <FillValueInfo FillTime="FillIfSet" AllocationTime="Late">
         <FillValue>
            <NoFill/>
         </FillValue>
      </FillValueInfo>
      <Dataspace>
         <SimpleDataspace Ndims="1">
            <Dimension  DimSize="4" MaxDimSize="4"/>
         </SimpleDataspace>
      </Dataspace>
      <DataType>
         <AtomicType>
            <FloatType ByteOrder="LE" Size="4" SignBitLocation="31" ExponentBits="8" ExponentLocation="23" MantissaBits="23" MantissaLocation="0" />
         </AtomicType>
      </DataType>
      <Data>
         <DataFromFile>
         0
         0
         0
         0
         </DataFromFile>
      </Data>
   </Dataset>
   <Dataset Name="Dataset4.0" OBJ-XID="xid_2400" H5Path= "/Dataset4.0" Parents="xid_928" H5ParentPaths="/">
      <StorageLayout>
         <ContiguousLayout/>
      </StorageLayout>
      <FillValueInfo FillTime="FillIfSet" AllocationTime="Late">
         <FillValue>
            <NoFill/>
         </FillValue>
      </FillValueInfo>
      <Dataspace>
         <SimpleDataspace Ndims="1">
            <Dimension  DimSize="4" MaxDimSize="4"/>
         </SimpleDataspace>
      </Dataspace>
      <DataType>
         <ArrayType Ndims="1">
            <ArrayDimension DimSize="4"/>
            <DataType>
               <AtomicType>
                  <IntegerType ByteOrder="LE" Sign="true" Size="4" />
               </AtomicType>
            </DataType>
         </ArrayType>
      </DataType>
      <Data>
         <DataFromFile>
         0 0 0 0
         0 0 0 0
         0 0 0 0
         0 0 0 0
         </DataFromFile>
      </Data>
   </Dataset>
   <Dataset Name="Dataset5.0" OBJ-XID="xid_2672" H5Path= "/Dataset5.0" Parents="xid_928" H5ParentPaths="/">
      <StorageLayout>
         <ContiguousLayout/>
      </StorageLayout>
      <FillValueInfo FillTime="FillIfSet" AllocationTime="Late">
         <FillValue>
            <NoFill/>
         </FillValue>
      </FillValueInfo>
      <Dataspace>
         <SimpleDataspace Ndims="1">
            <Dimension  DimSize="4" MaxDimSize="4"/>
         </SimpleDataspace>
      </Dataspace>
      <DataType>
         <CompoundType>
            <Field FieldName="a">
               <DataType>
                  <AtomicType>
                     <IntegerType ByteOrder="LE" Sign="true" Size="4" />
                  </AtomicType>
               </DataType>
            </Field>
            <Field FieldName="b">
               <DataType>
                  <AtomicType>
                     <FloatType ByteOrder="LE" Size="4" SignBitLocation="31" ExponentBits="8" ExponentLocation="23" MantissaBits="23" MantissaLocation="0" />
                  </AtomicType>
               </DataType>
            </Field>
            <Field FieldName="c">
               <DataType>
                  <AtomicType>
                     <IntegerType ByteOrder="LE" Sign="true" Size="1" />
                  </AtomicType>
               </DataType>
            </Field>
         </CompoundType>
      </DataType>
   <!-- Note: format of compound data not specified -->
      <Data>
         <DataFromFile>
         0 0 0
         0 0 0
         0 0 0
         0 0 0
         </DataFromFile>
      </Data>
   </Dataset>
</RootGroup>
</HDF5-File>
