<?xml version="1.0" encoding="UTF-8"?>
<!DOCTYPE HDF5-File PUBLIC "HDF5-File.dtd" "http://www.hdfgroup.org/HDF5/XML/DTD/HDF5-File.dtd">
<HDF5-File>
<RootGroup OBJ-XID="xid_96" H5Path="/">
   <Dataset Name="double" OBJ-XID="xid_800" H5Path= "/double" Parents="xid_96" H5ParentPaths="/">
      <StorageLayout>
         <ContiguousLayout/>
      </StorageLayout>
      <FillValueInfo FillTime="FillIfSet" AllocationTime="Late">
         <FillValue>
            <NoFill/>
         </FillValue>
      </FillValueInfo>
      <Dataspace>
         <SimpleDataspace Ndims="1">
            <Dimension  DimSize="6" MaxDimSize="6"/>
         </SimpleDataspace>
      </Dataspace>
      <DataType>
         <AtomicType>
            <FloatType ByteOrder="LE" Size="8" SignBitLocation="63" ExponentBits="11" ExponentLocation="52" MantissaBits="52" MantissaLocation="0" />
         </AtomicType>
      </DataType>
      <Data>
         <DataFromFile>
         -0.1234567
         0.1234567
         0.0000000
         0.0000000
         0.0000000
         0.0000000
         </DataFromFile>
      </Data>
   </Dataset>
   <Dataset Name="float" OBJ-XID="xid_1400" H5Path= "/float" Parents="xid_96" H5ParentPaths="/">
      <StorageLayout>
         <ContiguousLayout/>
      </StorageLayout>
      <FillValueInfo FillTime="FillIfSet" AllocationTime="Late">
         <FillValue>
            <NoFill/>
         </FillValue>
      </FillValueInfo>
      <Dataspace>
         <SimpleDataspace Ndims="1">
            <Dimension  DimSize="6" MaxDimSize="6"/>
         </SimpleDataspace>
      </Dataspace>
      <DataType>
         <AtomicType>
            <FloatType ByteOrder="LE" Size="4" SignBitLocation="31" ExponentBits="8" ExponentLocation="23" MantissaBits="23" MantissaLocation="0" />
         </AtomicType>
      </DataType>
      <Data>
         <DataFromFile>
         -0.1234567
         0.1234567
         0.0000000
         0.0000000
         0.0000000
         0.0000000
         </DataFromFile>
      </Data>
   </Dataset>
</RootGroup>
</HDF5-File>
