datatype: </t1> and </t2>
1 differences found
EXIT CODE: 1
