dataset: </g1/dset3> and </g1/dset4>
2 differences found
EXIT CODE: 1
