dataset: </g1/dset1> and </g1/dset1>
5 differences found
EXIT CODE: 1
