Not comparable: </grp1> is of type H5G_GROUP and </elink_grp1> is of type H5G_UDLINK
--------------------------------
Some objects are not comparable
--------------------------------
Use -c for a list of objects without details of differences.
EXIT CODE: 0
